Archive member included to satisfy reference by file (symbol)

C:/ST/STM32CubeIDE_1.16.1/STM32CubeIDE/plugins/com.st.stm32cube.ide.mcu.externaltools.gnu-tools-for-stm32.12.3.rel1.win32_1.0.200.202406191623/tools/bin/../lib/gcc/arm-none-eabi/12.3.1/../../../../arm-none-eabi/lib/thumb/v6-m/nofp\libc_nano.a(libc_a-exit.o)
                              C:/ST/STM32CubeIDE_1.16.1/STM32CubeIDE/plugins/com.st.stm32cube.ide.mcu.externaltools.gnu-tools-for-stm32.12.3.rel1.win32_1.0.200.202406191623/tools/bin/../lib/gcc/arm-none-eabi/12.3.1/../../../../arm-none-eabi/lib/thumb/v6-m/nofp/crt0.o (exit)
C:/ST/STM32CubeIDE_1.16.1/STM32CubeIDE/plugins/com.st.stm32cube.ide.mcu.externaltools.gnu-tools-for-stm32.12.3.rel1.win32_1.0.200.202406191623/tools/bin/../lib/gcc/arm-none-eabi/12.3.1/../../../../arm-none-eabi/lib/thumb/v6-m/nofp\libc_nano.a(libc_a-findfp.o)
                              C:/ST/STM32CubeIDE_1.16.1/STM32CubeIDE/plugins/com.st.stm32cube.ide.mcu.externaltools.gnu-tools-for-stm32.12.3.rel1.win32_1.0.200.202406191623/tools/bin/../lib/gcc/arm-none-eabi/12.3.1/../../../../arm-none-eabi/lib/thumb/v6-m/nofp\libc_nano.a(libc_a-exit.o) (__stdio_exit_handler)
C:/ST/STM32CubeIDE_1.16.1/STM32CubeIDE/plugins/com.st.stm32cube.ide.mcu.externaltools.gnu-tools-for-stm32.12.3.rel1.win32_1.0.200.202406191623/tools/bin/../lib/gcc/arm-none-eabi/12.3.1/../../../../arm-none-eabi/lib/thumb/v6-m/nofp\libc_nano.a(libc_a-fwalk.o)
                              C:/ST/STM32CubeIDE_1.16.1/STM32CubeIDE/plugins/com.st.stm32cube.ide.mcu.externaltools.gnu-tools-for-stm32.12.3.rel1.win32_1.0.200.202406191623/tools/bin/../lib/gcc/arm-none-eabi/12.3.1/../../../../arm-none-eabi/lib/thumb/v6-m/nofp\libc_nano.a(libc_a-findfp.o) (_fwalk_sglue)
C:/ST/STM32CubeIDE_1.16.1/STM32CubeIDE/plugins/com.st.stm32cube.ide.mcu.externaltools.gnu-tools-for-stm32.12.3.rel1.win32_1.0.200.202406191623/tools/bin/../lib/gcc/arm-none-eabi/12.3.1/../../../../arm-none-eabi/lib/thumb/v6-m/nofp\libc_nano.a(libc_a-stdio.o)
                              C:/ST/STM32CubeIDE_1.16.1/STM32CubeIDE/plugins/com.st.stm32cube.ide.mcu.externaltools.gnu-tools-for-stm32.12.3.rel1.win32_1.0.200.202406191623/tools/bin/../lib/gcc/arm-none-eabi/12.3.1/../../../../arm-none-eabi/lib/thumb/v6-m/nofp\libc_nano.a(libc_a-findfp.o) (__sread)
C:/ST/STM32CubeIDE_1.16.1/STM32CubeIDE/plugins/com.st.stm32cube.ide.mcu.externaltools.gnu-tools-for-stm32.12.3.rel1.win32_1.0.200.202406191623/tools/bin/../lib/gcc/arm-none-eabi/12.3.1/../../../../arm-none-eabi/lib/thumb/v6-m/nofp\libc_nano.a(libc_a-memset.o)
                              C:/ST/STM32CubeIDE_1.16.1/STM32CubeIDE/plugins/com.st.stm32cube.ide.mcu.externaltools.gnu-tools-for-stm32.12.3.rel1.win32_1.0.200.202406191623/tools/bin/../lib/gcc/arm-none-eabi/12.3.1/../../../../arm-none-eabi/lib/thumb/v6-m/nofp/crt0.o (memset)
C:/ST/STM32CubeIDE_1.16.1/STM32CubeIDE/plugins/com.st.stm32cube.ide.mcu.externaltools.gnu-tools-for-stm32.12.3.rel1.win32_1.0.200.202406191623/tools/bin/../lib/gcc/arm-none-eabi/12.3.1/../../../../arm-none-eabi/lib/thumb/v6-m/nofp\libc_nano.a(libc_a-closer.o)
                              C:/ST/STM32CubeIDE_1.16.1/STM32CubeIDE/plugins/com.st.stm32cube.ide.mcu.externaltools.gnu-tools-for-stm32.12.3.rel1.win32_1.0.200.202406191623/tools/bin/../lib/gcc/arm-none-eabi/12.3.1/../../../../arm-none-eabi/lib/thumb/v6-m/nofp\libc_nano.a(libc_a-stdio.o) (_close_r)
C:/ST/STM32CubeIDE_1.16.1/STM32CubeIDE/plugins/com.st.stm32cube.ide.mcu.externaltools.gnu-tools-for-stm32.12.3.rel1.win32_1.0.200.202406191623/tools/bin/../lib/gcc/arm-none-eabi/12.3.1/../../../../arm-none-eabi/lib/thumb/v6-m/nofp\libc_nano.a(libc_a-reent.o)
                              C:/ST/STM32CubeIDE_1.16.1/STM32CubeIDE/plugins/com.st.stm32cube.ide.mcu.externaltools.gnu-tools-for-stm32.12.3.rel1.win32_1.0.200.202406191623/tools/bin/../lib/gcc/arm-none-eabi/12.3.1/../../../../arm-none-eabi/lib/thumb/v6-m/nofp\libc_nano.a(libc_a-closer.o) (errno)
C:/ST/STM32CubeIDE_1.16.1/STM32CubeIDE/plugins/com.st.stm32cube.ide.mcu.externaltools.gnu-tools-for-stm32.12.3.rel1.win32_1.0.200.202406191623/tools/bin/../lib/gcc/arm-none-eabi/12.3.1/../../../../arm-none-eabi/lib/thumb/v6-m/nofp\libc_nano.a(libc_a-impure.o)
                              C:/ST/STM32CubeIDE_1.16.1/STM32CubeIDE/plugins/com.st.stm32cube.ide.mcu.externaltools.gnu-tools-for-stm32.12.3.rel1.win32_1.0.200.202406191623/tools/bin/../lib/gcc/arm-none-eabi/12.3.1/../../../../arm-none-eabi/lib/thumb/v6-m/nofp\libc_nano.a(libc_a-reent.o) (_impure_ptr)
C:/ST/STM32CubeIDE_1.16.1/STM32CubeIDE/plugins/com.st.stm32cube.ide.mcu.externaltools.gnu-tools-for-stm32.12.3.rel1.win32_1.0.200.202406191623/tools/bin/../lib/gcc/arm-none-eabi/12.3.1/../../../../arm-none-eabi/lib/thumb/v6-m/nofp\libc_nano.a(libc_a-lseekr.o)
[...]
Memory Configuration

Name             Origin             Length             Attributes
RAM              0x20000000         0x00001800         xrw
FLASH            0x08000000         0x00007c00         xr
DATA             0x08007c00         0x00000400         xr
*default*        0x00000000         0xffffffff

Linker script and memory map

LOAD C:/ST/STM32CubeIDE_1.16.1/STM32CubeIDE/plugins/com.st.stm32cube.ide.mcu.externaltools.gnu-tools-for-stm32.12.3.rel1.win32_1.0.200.202406191623/tools/bin/../lib/gcc/arm-none-eabi/12.3.1/thumb/v6-m/nofp/crti.o
LOAD C:/ST/STM32CubeIDE_1.16.1/STM32CubeIDE/plugins/com.st.stm32cube.ide.mcu.externaltools.gnu-tools-for-stm32.12.3.rel1.win32_1.0.200.202406191623/tools/bin/../lib/gcc/arm-none-eabi/12.3.1/thumb/v6-m/nofp/crtbegin.o
LOAD C:/ST/STM32CubeIDE_1.16.1/STM32CubeIDE/plugins/com.st.stm32cube.ide.mcu.externaltools.gnu-tools-for-stm32.12.3.rel1.win32_1.0.200.202406191623/tools/bin/../lib/gcc/arm-none-eabi/12.3.1/../../../../arm-none-eabi/lib/thumb/v6-m/nofp/crt0.o
LOAD ./Core/Src/main.o
LOAD ./Core/Src/stm32f0xx_hal_msp.o
LOAD ./Core/Src/stm32f0xx_it.o
LOAD ./Core/Src/syscalls.o
LOAD ./Core/Src/sysmem.o
LOAD ./Core/Src/system_stm32f0xx.o
LOAD ./Core/Startup/startup_stm32f042k6tx.o
LOAD ./Drivers/STM32F0xx_HAL_Driver/Src/stm32f0xx_hal.o
LOAD ./Drivers/STM32F0xx_HAL_Driver/Src/stm32f0xx_hal_can.o
LOAD ./Drivers/STM32F0xx_HAL_Driver/Src/stm32f0xx_hal_cortex.o
LOAD ./Drivers/STM32F0xx_HAL_Driver/Src/stm32f0xx_hal_dma.o
LOAD ./Drivers/STM32F0xx_HAL_Driver/Src/stm32f0xx_hal_exti.o
LOAD ./Drivers/STM32F0xx_HAL_Driver/Src/stm32f0xx_hal_flash.o
LOAD ./Drivers/STM32F0xx_HAL_Driver/Src/stm32f0xx_hal_flash_ex.o
LOAD ./Drivers/STM32F0xx_HAL_Driver/Src/stm32f0xx_hal_gpio.o
LOAD ./Drivers/STM32F0xx_HAL_Driver/Src/stm32f0xx_hal_i2c.o
LOAD ./Drivers/STM32F0xx_HAL_Driver/Src/stm32f0xx_hal_i2c_ex.o
LOAD ./Drivers/STM32F0xx_HAL_Driver/Src/stm32f0xx_hal_pwr.o
LOAD ./Drivers/STM32F0xx_HAL_Driver/Src/stm32f0xx_hal_pwr_ex.o
LOAD ./Drivers/STM32F0xx_HAL_Driver/Src/stm32f0xx_hal_rcc.o
LOAD ./Drivers/STM32F0xx_HAL_Driver/Src/stm32f0xx_hal_rcc_ex.o
LOAD ./Drivers/STM32F0xx_HAL_Driver/Src/stm32f0xx_hal_tim.o
LOAD ./Drivers/STM32F0xx_HAL_Driver/Src/stm32f0xx_hal_tim_ex.o
START GROUP
LOAD C:/ST/STM32CubeIDE_1.16.1/STM32CubeIDE/plugins/com.st.stm32cube.ide.mcu.externaltools.gnu-tools-for-stm32.12.3.rel1.win32_1.0.200.202406191623/tools/bin/../lib/gcc/arm-none-eabi/12.3.1/../../../../arm-none-eabi/lib/thumb/v6-m/nofp\libc_nano.a
LOAD C:/ST/STM32CubeIDE_1.16.1/STM32CubeIDE/plugins/com.st.stm32cube.ide.mcu.externaltools.gnu-tools-for-stm32.12.3.rel1.win32_1.0.200.202406191623/tools/bin/../lib/gcc/arm-none-eabi/12.3.1/../../../../arm-none-eabi/lib/thumb/v6-m/nofp\libm.a
END GROUP
START GROUP
LOAD C:/ST/STM32CubeIDE_1.16.1/STM32CubeIDE/plugins/com.st.stm32cube.ide.mcu.externaltools.gnu-tools-for-stm32.12.3.rel1.win32_1.0.200.202406191623/tools/bin/../lib/gcc/arm-none-eabi/12.3.1/thumb/v6-m/nofp\libgcc.a
LOAD C:/ST/STM32CubeIDE_1.16.1/STM32CubeIDE/plugins/com.st.stm32cube.ide.mcu.externaltools.gnu-tools-for-stm32.12.3.rel1.win32_1.0.200.202406191623/tools/bin/../lib/gcc/arm-none-eabi/12.3.1/../../../../arm-none-eabi/lib/thumb/v6-m/nofp\libc_nano.a
END GROUP
START GROUP
LOAD C:/ST/STM32CubeIDE_1.16.1/STM32CubeIDE/plugins/com.st.stm32cube.ide.mcu.externaltools.gnu-tools-for-stm32.12.3.rel1.win32_1.0.200.202406191623/tools/bin/../lib/gcc/arm-none-eabi/12.3.1/thumb/v6-m/nofp\libgcc.a
LOAD C:/ST/STM32CubeIDE_1.16.1/STM32CubeIDE/plugins/com.st.stm32cube.ide.mcu.externaltools.gnu-tools-for-stm32.12.3.rel1.win32_1.0.200.202406191623/tools/bin/../lib/gcc/arm-none-eabi/12.3.1/../../../../arm-none-eabi/lib/thumb/v6-m/nofp\libc_nano.a
LOAD C:/ST/STM32CubeIDE_1.16.1/STM32CubeIDE/plugins/com.st.stm32cube.ide.mcu.externaltools.gnu-tools-for-stm32.12.3.rel1.win32_1.0.200.202406191623/tools/bin/../lib/gcc/arm-none-eabi/12.3.1/../../../../arm-none-eabi/lib/thumb/v6-m/nofp\libnosys.a
END GROUP
START GROUP
LOAD C:/ST/STM32CubeIDE_1.16.1/STM32CubeIDE/plugins/com.st.stm32cube.ide.mcu.externaltools.gnu-tools-for-stm32.12.3.rel1.win32_1.0.200.202406191623/tools/bin/../lib/gcc/arm-none-eabi/12.3.1/thumb/v6-m/nofp\libgcc.a
LOAD C:/ST/STM32CubeIDE_1.16.1/STM32CubeIDE/plugins/com.st.stm32cube.ide.mcu.externaltools.gnu-tools-for-stm32.12.3.rel1.win32_1.0.200.202406191623/tools/bin/../lib/gcc/arm-none-eabi/12.3.1/../../../../arm-none-eabi/lib/thumb/v6-m/nofp\libc_nano.a
LOAD C:/ST/STM32CubeIDE_1.16.1/STM32CubeIDE/plugins/com.st.stm32cube.ide.mcu.externaltools.gnu-tools-for-stm32.12.3.rel1.win32_1.0.200.202406191623/tools/bin/../lib/gcc/arm-none-eabi/12.3.1/../../../../arm-none-eabi/lib/thumb/v6-m/nofp\libnosys.a
END GROUP
LOAD C:/ST/STM32CubeIDE_1.16.1/STM32CubeIDE/plugins/com.st.stm32cube.ide.mcu.externaltools.gnu-tools-for-stm32.12.3.rel1.win32_1.0.200.202406191623/tools/bin/../lib/gcc/arm-none-eabi/12.3.1/thumb/v6-m/nofp/crtend.o
LOAD C:/ST/STM32CubeIDE_1.16.1/STM32CubeIDE/plugins/com.st.stm32cube.ide.mcu.externaltools.gnu-tools-for-stm32.12.3.rel1.win32_1.0.200.202406191623/tools/bin/../lib/gcc/arm-none-eabi/12.3.1/thumb/v6-m/nofp/crtn.o
                0x20001800                        _estack = (ORIGIN (RAM) + LENGTH (RAM))
                0x00000200                        _Min_Heap_Size = 0x200
                0x00000400                        _Min_Stack_Size = 0x400

.isr_vector     0x08000000       0xc0
                0x08000000                        . = ALIGN (0x4)
 *(.isr_vector)
 .isr_vector    0x08000000       0xc0 ./Core/Startup/startup_stm32f042k6tx.o
                0x08000000                g_pfnVectors
                0x080000c0                        . = ALIGN (0x4)

.text           0x080000c0     0x45f0
                0x080000c0                        . = ALIGN (0x4)
 *(.text)
 .text          0x080000c0       0x48 C:/ST/STM32CubeIDE_1.16.1/STM32CubeIDE/plugins/com.st.stm32cube.ide.mcu.externaltools.gnu-tools-for-stm32.12.3.rel1.win32_1.0.200.202406191623/tools/bin/../lib/gcc/arm-none-eabi/12.3.1/thumb/v6-m/nofp/crtbegin.o
 .text          0x08000108      0x114 C:/ST/STM32CubeIDE_1.16.1/STM32CubeIDE/plugins/com.st.stm32cube.ide.mcu.externaltools.gnu-tools-for-stm32.12.3.rel1.win32_1.0.200.202406191623/tools/bin/../lib/gcc/arm-none-eabi/12.3.1/thumb/v6-m/nofp\libgcc.a(_udivsi3.o)
                0x08000108                __aeabi_uidiv
                0x08000108                __udivsi3
                0x08000214                __aeabi_uidivmod
 .text          0x0800021c      0x1d4 C:/ST/STM32CubeIDE_1.16.1/STM32CubeIDE/plugins/com.st.stm32cube.ide.mcu.externaltools.gnu-tools-for-stm32.12.3.rel1.win32_1.0.200.202406191623/tools/bin/../lib/gcc/arm-none-eabi/12.3.1/thumb/v6-m/nofp\libgcc.a(_divsi3.o)
                0x0800021c                __divsi3
                0x0800021c                __aeabi_idiv
                0x080003e8                __aeabi_idivmod
 .text          0x080003f0        0x4 C:/ST/STM32CubeIDE_1.16.1/STM32CubeIDE/plugins/com.st.stm32cube.ide.mcu.externaltools.gnu-tools-for-stm32.12.3.rel1.win32_1.0.200.202406191623/tools/bin/../lib/gcc/arm-none-eabi/12.3.1/thumb/v6-m/nofp\libgcc.a(_dvmd_tls.o)
                0x080003f0                __aeabi_idiv0
                0x080003f0                __aeabi_ldiv0
 *(.text*)
 .text.Drive_MTR
                0x080003f4       0xb8 ./Core/Src/main.o
                0x080003f4                Drive_MTR
 .text.CAN_transmit
                0x080004ac       0x50 ./Core/Src/main.o
                0x080004ac                CAN_transmit
 .text.HAL_TIM_PeriodElapsedCallback
                0x080004fc      0x1e8 ./Core/Src/main.o
                0x080004fc                HAL_TIM_PeriodElapsedCallback
 .text.HAL_CAN_RxFifo0MsgPendingCallback
                0x080006e4      0x170 ./Core/Src/main.o
                0x080006e4                HAL_CAN_RxFifo0MsgPendingCallback
 .text.eraseFlash
                0x08000854       0x36 ./Core/Src/main.o
                0x08000854                eraseFlash
 .text.writeFlash
                0x0800088a       0x38 ./Core/Src/main.o
                0x0800088a                writeFlash
 *fill*         0x080008c2        0x2 
 .text.main     0x080008c4      0x394 ./Core/Src/main.o
                0x080008c4                main
 .text.SystemClock_Config
                0x08000c58       0x90 ./Core/Src/main.o
                0x08000c58                SystemClock_Config
 .text.MX_CAN_Init
                0x08000ce8       0xd8 ./Core/Src/main.o
 .text.MX_TIM2_Init
                0x08000dc0       0xc0 ./Core/Src/main.o
 .text.MX_TIM3_Init
                0x08000e80       0xc8 ./Core/Src/main.o
 .text.MX_TIM14_Init
                0x08000f48       0x50 ./Core/Src/main.o
 .text.MX_TIM16_Init
                0x08000f98       0x50 ./Core/Src/main.o
 .text.MX_GPIO_Init
                0x08000fe8      0x15c ./Core/Src/main.o
 .text.Error_Handler
                0x08001144        0xc ./Core/Src/main.o
                0x08001144                Error_Handler
 .text.HAL_MspInit
                0x08001150       0x48 ./Core/Src/stm32f0xx_hal_msp.o
                0x08001150                HAL_MspInit
 .text.HAL_CAN_MspInit
                0x08001198       0xac ./Core/Src/stm32f0xx_hal_msp.o
                0x08001198                HAL_CAN_MspInit
 .text.HAL_TIM_PWM_MspInit
                0x08001244       0x38 ./Core/Src/stm32f0xx_hal_msp.o
                0x08001244                HAL_TIM_PWM_MspInit
 .text.HAL_TIM_Encoder_MspInit
                0x0800127c       0x98 ./Core/Src/stm32f0xx_hal_msp.o
                0x0800127c                HAL_TIM_Encoder_MspInit
 .text.HAL_TIM_Base_MspInit
                0x08001314       0x8c ./Core/Src/stm32f0xx_hal_msp.o
                0x08001314                HAL_TIM_Base_MspInit
 .text.HAL_TIM_MspPostInit
                0x080013a0       0x7c ./Core/Src/stm32f0xx_hal_msp.o
                0x080013a0                HAL_TIM_MspPostInit
 .text.NMI_Handler
                0x0800141c        0x8 ./Core/Src/stm32f0xx_it.o
                0x0800141c                NMI_Handler
 .text.HardFault_Handler
                0x08001424        0x8 ./Core/Src/stm32f0xx_it.o
                0x08001424                HardFault_Handler
 .text.SVC_Handler
                0x0800142c        0xa ./Core/Src/stm32f0xx_it.o
                0x0800142c                SVC_Handler
 .text.PendSV_Handler
                0x08001436        0xa ./Core/Src/stm32f0xx_it.o
                0x08001436                PendSV_Handler
 .text.SysTick_Handler
                0x08001440        0xe ./Core/Src/stm32f0xx_it.o
                0x08001440                SysTick_Handler
 .text.EXTI2_3_IRQHandler
                0x0800144e       0x10 ./Core/Src/stm32f0xx_it.o
                0x0800144e                EXTI2_3_IRQHandler
 *fill*         0x0800145e        0x2 
 .text.TIM14_IRQHandler
                0x08001460       0x18 ./Core/Src/stm32f0xx_it.o
                0x08001460                TIM14_IRQHandler
 .text.TIM16_IRQHandler
                0x08001478       0x18 ./Core/Src/stm32f0xx_it.o
                0x08001478                TIM16_IRQHandler
 .text.CEC_CAN_IRQHandler
                0x08001490       0x18 ./Core/Src/stm32f0xx_it.o
                0x08001490                CEC_CAN_IRQHandler
 .text.SystemInit
                0x080014a8        0xa ./Core/Src/system_stm32f0xx.o
                0x080014a8                SystemInit
 *fill*         0x080014b2        0x2 
 .text.Reset_Handler
                0x080014b4       0x80 ./Core/Startup/startup_stm32f042k6tx.o
                0x080014b4                Reset_Handler
 .text.Default_Handler
                0x08001534        0x2 ./Core/Startup/startup_stm32f042k6tx.o
                0x08001534                TIM1_CC_IRQHandler
                0x08001534                TSC_IRQHandler
                0x08001534                I2C1_IRQHandler
                0x08001534                RCC_CRS_IRQHandler
                0x08001534                SPI1_IRQHandler
                0x08001534                ADC1_IRQHandler
                0x08001534                TIM17_IRQHandler
                0x08001534                RTC_IRQHandler
                0x08001534                PVD_VDDIO2_IRQHandler
                0x08001534                TIM3_IRQHandler
                0x08001534                EXTI4_15_IRQHandler
                0x08001534                DMA1_Channel1_IRQHandler
                0x08001534                Default_Handler
                0x08001534                DMA1_Channel4_5_IRQHandler
                0x08001534                EXTI0_1_IRQHandler
                0x08001534                USB_IRQHandler
                0x08001534                SPI2_IRQHandler
                0x08001534                WWDG_IRQHandler
                0x08001534                TIM2_IRQHandler
                0x08001534                DMA1_Channel2_3_IRQHandler
                0x08001534                USART2_IRQHandler
                0x08001534                FLASH_IRQHandler
                0x08001534                USART1_IRQHandler
                0x08001534                TIM1_BRK_UP_TRG_COM_IRQHandler
 *fill*         0x08001536        0x2 
 .text.HAL_Init
                0x08001538       0x28 ./Drivers/STM32F0xx_HAL_Driver/Src/stm32f0xx_hal.o
                0x08001538                HAL_Init
 .text.HAL_InitTick
                0x08001560       0x68 ./Drivers/STM32F0xx_HAL_Driver/Src/stm32f0xx_hal.o
                0x08001560                HAL_InitTick
 .text.HAL_IncTick
                0x080015c8       0x24 ./Drivers/STM32F0xx_HAL_Driver/Src/stm32f0xx_hal.o
                0x080015c8                HAL_IncTick
 .text.HAL_GetTick
                0x080015ec       0x14 ./Drivers/STM32F0xx_HAL_Driver/Src/stm32f0xx_hal.o
                0x080015ec                HAL_GetTick
 .text.HAL_Delay
                0x08001600       0x48 ./Drivers/STM32F0xx_HAL_Driver/Src/stm32f0xx_hal.o
                0x08001600                HAL_Delay
 .text.HAL_CAN_Init
                0x08001648      0x1fc ./Drivers/STM32F0xx_HAL_Driver/Src/stm32f0xx_hal_can.o
                0x08001648                HAL_CAN_Init
 .text.HAL_CAN_ConfigFilter
                0x08001844      0x1e4 ./Drivers/STM32F0xx_HAL_Driver/Src/stm32f0xx_hal_can.o
                0x08001844                HAL_CAN_ConfigFilter
 .text.HAL_CAN_Start
                0x08001a28       0x8c ./Drivers/STM32F0xx_HAL_Driver/Src/stm32f0xx_hal_can.o
                0x08001a28                HAL_CAN_Start
 .text.HAL_CAN_AddTxMessage
                0x08001ab4      0x1a4 ./Drivers/STM32F0xx_HAL_Driver/Src/stm32f0xx_hal_can.o
                0x08001ab4                HAL_CAN_AddTxMessage
 .text.HAL_CAN_GetTxMailboxesFreeLevel
                0x08001c58       0x70 ./Drivers/STM32F0xx_HAL_Driver/Src/stm32f0xx_hal_can.o
                0x08001c58                HAL_CAN_GetTxMailboxesFreeLevel
 .text.HAL_CAN_GetRxMessage
                0x08001cc8      0x256 ./Drivers/STM32F0xx_HAL_Driver/Src/stm32f0xx_hal_can.o
                0x08001cc8                HAL_CAN_GetRxMessage
 .text.HAL_CAN_ActivateNotification
                0x08001f1e       0x54 ./Drivers/STM32F0xx_HAL_Driver/Src/stm32f0xx_hal_can.o
                0x08001f1e                HAL_CAN_ActivateNotification
 .text.HAL_CAN_IRQHandler
                0x08001f72      0x368 ./Drivers/STM32F0xx_HAL_Driver/Src/stm32f0xx_hal_can.o
                0x08001f72                HAL_CAN_IRQHandler
 .text.HAL_CAN_TxMailbox0CompleteCallback
                0x080022da       0x10 ./Drivers/STM32F0xx_HAL_Driver/Src/stm32f0xx_hal_can.o
                0x080022da                HAL_CAN_TxMailbox0CompleteCallback
 .text.HAL_CAN_TxMailbox1CompleteCallback
                0x080022ea       0x10 ./Drivers/STM32F0xx_HAL_Driver/Src/stm32f0xx_hal_can.o
                0x080022ea                HAL_CAN_TxMailbox1CompleteCallback
 .text.HAL_CAN_TxMailbox2CompleteCallback
                0x080022fa       0x10 ./Drivers/STM32F0xx_HAL_Driver/Src/stm32f0xx_hal_can.o
                0x080022fa                HAL_CAN_TxMailbox2CompleteCallback
 .text.HAL_CAN_TxMailbox0AbortCallback
                0x0800230a       0x10 ./Drivers/STM32F0xx_HAL_Driver/Src/stm32f0xx_hal_can.o
                0x0800230a                HAL_CAN_TxMailbox0AbortCallback
 .text.HAL_CAN_TxMailbox1AbortCallback
                0x0800231a       0x10 ./Drivers/STM32F0xx_HAL_Driver/Src/stm32f0xx_hal_can.o
                0x0800231a                HAL_CAN_TxMailbox1AbortCallback
 .text.HAL_CAN_TxMailbox2AbortCallback
                0x0800232a       0x10 ./Drivers/STM32F0xx_HAL_Driver/Src/stm32f0xx_hal_can.o
                0x0800232a                HAL_CAN_TxMailbox2AbortCallback
 .text.HAL_CAN_RxFifo0FullCallback
                0x0800233a       0x10 ./Drivers/STM32F0xx_HAL_Driver/Src/stm32f0xx_hal_can.o
                0x0800233a                HAL_CAN_RxFifo0FullCallback
 .text.HAL_CAN_RxFifo1MsgPendingCallback
                0x0800234a       0x10 ./Drivers/STM32F0xx_HAL_Driver/Src/stm32f0xx_hal_can.o
                0x0800234a                HAL_CAN_RxFifo1MsgPendingCallback
 .text.HAL_CAN_RxFifo1FullCallback
                0x0800235a       0x10 ./Drivers/STM32F0xx_HAL_Driver/Src/stm32f0xx_hal_can.o
                0x0800235a                HAL_CAN_RxFifo1FullCallback
 .text.HAL_CAN_SleepCallback
                0x0800236a       0x10 ./Drivers/STM32F0xx_HAL_Driver/Src/stm32f0xx_hal_can.o
                0x0800236a                HAL_CAN_SleepCallback
 .text.HAL_CAN_WakeUpFromRxMsgCallback
                0x0800237a       0x10 ./Drivers/STM32F0xx_HAL_Driver/Src/stm32f0xx_hal_can.o
                0x0800237a                HAL_CAN_WakeUpFromRxMsgCallback
 .text.HAL_CAN_ErrorCallback
                0x0800238a       0x10 ./Drivers/STM32F0xx_HAL_Driver/Src/stm32f0xx_hal_can.o
                0x0800238a                HAL_CAN_ErrorCallback
 *fill*         0x0800239a        0x2 
 .text.__NVIC_EnableIRQ
                0x0800239c       0x34 ./Drivers/STM32F0xx_HAL_Driver/Src/stm32f0xx_hal_cortex.o
 .text.__NVIC_SetPriority
                0x080023d0       0xdc ./Drivers/STM32F0xx_HAL_Driver/Src/stm32f0xx_hal_cortex.o
 .text.SysTick_Config
                0x080024ac       0x48 ./Drivers/STM32F0xx_HAL_Driver/Src/stm32f0xx_hal_cortex.o
 .text.HAL_NVIC_SetPriority
                0x080024f4       0x2a ./Drivers/STM32F0xx_HAL_Driver/Src/stm32f0xx_hal_cortex.o
                0x080024f4                HAL_NVIC_SetPriority
 .text.HAL_NVIC_EnableIRQ
                0x0800251e       0x20 ./Drivers/STM32F0xx_HAL_Driver/Src/stm32f0xx_hal_cortex.o
                0x0800251e                HAL_NVIC_EnableIRQ
 .text.HAL_SYSTICK_Config
                0x0800253e       0x1a ./Drivers/STM32F0xx_HAL_Driver/Src/stm32f0xx_hal_cortex.o
                0x0800253e                HAL_SYSTICK_Config
 .text.HAL_FLASH_Program
                0x08002558      0x12c ./Drivers/STM32F0xx_HAL_Driver/Src/stm32f0xx_hal_flash.o
                0x08002558                HAL_FLASH_Program
 .text.HAL_FLASH_Unlock
                0x08002684       0x4c ./Drivers/STM32F0xx_HAL_Driver/Src/stm32f0xx_hal_flash.o
                0x08002684                HAL_FLASH_Unlock
 .text.HAL_FLASH_Lock
                0x080026d0       0x1c ./Drivers/STM32F0xx_HAL_Driver/Src/stm32f0xx_hal_flash.o
                0x080026d0                HAL_FLASH_Lock
 .text.FLASH_Program_HalfWord
                0x080026ec       0x38 ./Drivers/STM32F0xx_HAL_Driver/Src/stm32f0xx_hal_flash.o
 .text.FLASH_WaitForLastOperation
                0x08002724       0x80 ./Drivers/STM32F0xx_HAL_Driver/Src/stm32f0xx_hal_flash.o
                0x08002724                FLASH_WaitForLastOperation
 .text.FLASH_SetErrorCode
                0x080027a4       0x60 ./Drivers/STM32F0xx_HAL_Driver/Src/stm32f0xx_hal_flash.o
 .text.HAL_FLASHEx_Erase
                0x08002804       0xec ./Drivers/STM32F0xx_HAL_Driver/Src/stm32f0xx_hal_flash_ex.o
                0x08002804                HAL_FLASHEx_Erase
 .text.FLASH_MassErase
                0x080028f0       0x30 ./Drivers/STM32F0xx_HAL_Driver/Src/stm32f0xx_hal_flash_ex.o
 .text.FLASH_PageErase
                0x08002920       0x3c ./Drivers/STM32F0xx_HAL_Driver/Src/stm32f0xx_hal_flash_ex.o
                0x08002920                FLASH_PageErase
 .text.HAL_GPIO_Init
                0x0800295c      0x2d0 ./Drivers/STM32F0xx_HAL_Driver/Src/stm32f0xx_hal_gpio.o
                0x0800295c                HAL_GPIO_Init
 .text.HAL_GPIO_ReadPin
                0x08002c2c       0x3a ./Drivers/STM32F0xx_HAL_Driver/Src/stm32f0xx_hal_gpio.o
                0x08002c2c                HAL_GPIO_ReadPin
 .text.HAL_GPIO_WritePin
                0x08002c66       0x3a ./Drivers/STM32F0xx_HAL_Driver/Src/stm32f0xx_hal_gpio.o
                0x08002c66                HAL_GPIO_WritePin
 .text.HAL_GPIO_EXTI_IRQHandler
                0x08002ca0       0x38 ./Drivers/STM32F0xx_HAL_Driver/Src/stm32f0xx_hal_gpio.o
                0x08002ca0                HAL_GPIO_EXTI_IRQHandler
 .text.HAL_GPIO_EXTI_Callback
                0x08002cd8       0x14 ./Drivers/STM32F0xx_HAL_Driver/Src/stm32f0xx_hal_gpio.o
                0x08002cd8                HAL_GPIO_EXTI_Callback
 .text.HAL_RCC_OscConfig
                0x08002cec      0x70c ./Drivers/STM32F0xx_HAL_Driver/Src/stm32f0xx_hal_rcc.o
                0x08002cec                HAL_RCC_OscConfig
 .text.HAL_RCC_ClockConfig
                0x080033f8      0x1b4 ./Drivers/STM32F0xx_HAL_Driver/Src/stm32f0xx_hal_rcc.o
                0x080033f8                HAL_RCC_ClockConfig
 .text.HAL_RCC_GetSysClockFreq
                0x080035ac       0xe8 ./Drivers/STM32F0xx_HAL_Driver/Src/stm32f0xx_hal_rcc.o
                0x080035ac                HAL_RCC_GetSysClockFreq
 .text.HAL_TIM_Base_Init
                0x08003694       0xa0 ./Drivers/STM32F0xx_HAL_Driver/Src/stm32f0xx_hal_tim.o
                0x08003694                HAL_TIM_Base_Init
 .text.HAL_TIM_Base_Start_IT
                0x08003734       0x98 ./Drivers/STM32F0xx_HAL_Driver/Src/stm32f0xx_hal_tim.o
                0x08003734                HAL_TIM_Base_Start_IT
 .text.HAL_TIM_Base_Stop_IT
                0x080037cc       0x5c ./Drivers/STM32F0xx_HAL_Driver/Src/stm32f0xx_hal_tim.o
                0x080037cc                HAL_TIM_Base_Stop_IT
 .text.HAL_TIM_PWM_Init
                0x08003828       0xa0 ./Drivers/STM32F0xx_HAL_Driver/Src/stm32f0xx_hal_tim.o
                0x08003828                HAL_TIM_PWM_Init
 .text.HAL_TIM_PWM_Start
                0x080038c8      0x158 ./Drivers/STM32F0xx_HAL_Driver/Src/stm32f0xx_hal_tim.o
                0x080038c8                HAL_TIM_PWM_Start
 .text.HAL_TIM_Encoder_Init
                0x08003a20      0x150 ./Drivers/STM32F0xx_HAL_Driver/Src/stm32f0xx_hal_tim.o
                0x08003a20                HAL_TIM_Encoder_Init
 .text.HAL_TIM_Encoder_Start
                0x08003b70      0x148 ./Drivers/STM32F0xx_HAL_Driver/Src/stm32f0xx_hal_tim.o
                0x08003b70                HAL_TIM_Encoder_Start
 .text.HAL_TIM_IRQHandler
                0x08003cb8      0x1dc ./Drivers/STM32F0xx_HAL_Driver/Src/stm32f0xx_hal_tim.o
                0x08003cb8                HAL_TIM_IRQHandler
 .text.HAL_TIM_PWM_ConfigChannel
                0x08003e94      0x18c ./Drivers/STM32F0xx_HAL_Driver/Src/stm32f0xx_hal_tim.o
                0x08003e94                HAL_TIM_PWM_ConfigChannel
 .text.HAL_TIM_OC_DelayElapsedCallback
                0x08004020       0x10 ./Drivers/STM32F0xx_HAL_Driver/Src/stm32f0xx_hal_tim.o
                0x08004020                HAL_TIM_OC_DelayElapsedCallback
 .text.HAL_TIM_IC_CaptureCallback
                0x08004030       0x10 ./Drivers/STM32F0xx_HAL_Driver/Src/stm32f0xx_hal_tim.o
                0x08004030                HAL_TIM_IC_CaptureCallback
 .text.HAL_TIM_PWM_PulseFinishedCallback
                0x08004040       0x10 ./Drivers/STM32F0xx_HAL_Driver/Src/stm32f0xx_hal_tim.o
                0x08004040                HAL_TIM_PWM_PulseFinishedCallback
 .text.HAL_TIM_TriggerCallback
                0x08004050       0x10 ./Drivers/STM32F0xx_HAL_Driver/Src/stm32f0xx_hal_tim.o
                0x08004050                HAL_TIM_TriggerCallback
 .text.TIM_Base_SetConfig
                0x08004060      0x108 ./Drivers/STM32F0xx_HAL_Driver/Src/stm32f0xx_hal_tim.o
                0x08004060                TIM_Base_SetConfig
 .text.TIM_OC1_SetConfig
                0x08004168       0xfc ./Drivers/STM32F0xx_HAL_Driver/Src/stm32f0xx_hal_tim.o
 .text.TIM_OC2_SetConfig
                0x08004264       0xfc ./Drivers/STM32F0xx_HAL_Driver/Src/stm32f0xx_hal_tim.o
                0x08004264                TIM_OC2_SetConfig
 .text.TIM_OC3_SetConfig
                0x08004360      0x100 ./Drivers/STM32F0xx_HAL_Driver/Src/stm32f0xx_hal_tim.o
 .text.TIM_OC4_SetConfig
                0x08004460       0xc8 ./Drivers/STM32F0xx_HAL_Driver/Src/stm32f0xx_hal_tim.o
 .text.TIM_CCxChannelCmd
                0x08004528       0x46 ./Drivers/STM32F0xx_HAL_Driver/Src/stm32f0xx_hal_tim.o
                0x08004528                TIM_CCxChannelCmd
 *fill*         0x0800456e        0x2 
 .text.HAL_TIMEx_MasterConfigSynchronization
                0x08004570       0xb0 ./Drivers/STM32F0xx_HAL_Driver/Src/stm32f0xx_hal_tim_ex.o
                0x08004570                HAL_TIMEx_MasterConfigSynchronization
 .text.HAL_TIMEx_CommutCallback
                0x08004620       0x10 ./Drivers/STM32F0xx_HAL_Driver/Src/stm32f0xx_hal_tim_ex.o
                0x08004620                HAL_TIMEx_CommutCallback
 .text.HAL_TIMEx_BreakCallback
                0x08004630       0x10 ./Drivers/STM32F0xx_HAL_Driver/Src/stm32f0xx_hal_tim_ex.o
                0x08004630                HAL_TIMEx_BreakCallback
 .text.memset   0x08004640       0x10 C:/ST/STM32CubeIDE_1.16.1/STM32CubeIDE/plugins/com.st.stm32cube.ide.mcu.externaltools.gnu-tools-for-stm32.12.3.rel1.win32_1.0.200.202406191623/tools/bin/../lib/gcc/arm-none-eabi/12.3.1/../../../../arm-none-eabi/lib/thumb/v6-m/nofp\libc_nano.a(libc_a-memset.o)
                0x08004640                memset
 .text.__libc_init_array
                0x08004650       0x48 C:/ST/STM32CubeIDE_1.16.1/STM32CubeIDE/plugins/com.st.stm32cube.ide.mcu.externaltools.gnu-tools-for-stm32.12.3.rel1.win32_1.0.200.202406191623/tools/bin/../lib/gcc/arm-none-eabi/12.3.1/../../../../arm-none-eabi/lib/thumb/v6-m/nofp\libc_nano.a(libc_a-init.o)
                0x08004650                __libc_init_array
 *(.glue_7)
 .glue_7        0x08004698        0x0 linker stubs
 *(.glue_7t)
 .glue_7t       0x08004698        0x0 linker stubs
 *(.eh_frame)
 .eh_frame      0x08004698        0x0 C:/ST/STM32CubeIDE_1.16.1/STM32CubeIDE/plugins/com.st.stm32cube.ide.mcu.externaltools.gnu-tools-for-stm32.12.3.rel1.win32_1.0.200.202406191623/tools/bin/../lib/gcc/arm-none-eabi/12.3.1/thumb/v6-m/nofp/crtbegin.o
 *(.init)
 .init          0x08004698        0x4 C:/ST/STM32CubeIDE_1.16.1/STM32CubeIDE/plugins/com.st.stm32cube.ide.mcu.externaltools.gnu-tools-for-stm32.12.3.rel1.win32_1.0.200.202406191623/tools/bin/../lib/gcc/arm-none-eabi/12.3.1/thumb/v6-m/nofp/crti.o
                0x08004698                _init
 .init          0x0800469c        0x8 C:/ST/STM32CubeIDE_1.16.1/STM32CubeIDE/plugins/com.st.stm32cube.ide.mcu.externaltools.gnu-tools-for-stm32.12.3.rel1.win32_1.0.200.202406191623/tools/bin/../lib/gcc/arm-none-eabi/12.3.1/thumb/v6-m/nofp/crtn.o
 *(.fini)
 .fini          0x080046a4        0x4 C:/ST/STM32CubeIDE_1.16.1/STM32CubeIDE/plugins/com.st.stm32cube.ide.mcu.externaltools.gnu-tools-for-stm32.12.3.rel1.win32_1.0.200.202406191623/tools/bin/../lib/gcc/arm-none-eabi/12.3.1/thumb/v6-m/nofp/crti.o
                0x080046a4                _fini
 .fini          0x080046a8        0x8 C:/ST/STM32CubeIDE_1.16.1/STM32CubeIDE/plugins/com.st.stm32cube.ide.mcu.externaltools.gnu-tools-for-stm32.12.3.rel1.win32_1.0.200.202406191623/tools/bin/../lib/gcc/arm-none-eabi/12.3.1/thumb/v6-m/nofp/crtn.o
                0x080046b0                        . = ALIGN (0x4)
                0x080046b0                        _etext = .

.vfp11_veneer   0x080046b0        0x0
 .vfp11_veneer  0x080046b0        0x0 linker stubs

.v4_bx          0x080046b0        0x0
 .v4_bx         0x080046b0        0x0 linker stubs

.iplt           0x080046b0        0x0
 .iplt          0x080046b0        0x0 C:/ST/STM32CubeIDE_1.16.1/STM32CubeIDE/plugins/com.st.stm32cube.ide.mcu.externaltools.gnu-tools-for-stm32.12.3.rel1.win32_1.0.200.202406191623/tools/bin/../lib/gcc/arm-none-eabi/12.3.1/thumb/v6-m/nofp/crtbegin.o

.rodata         0x080046b0       0x70
                0x080046b0                        . = ALIGN (0x4)
 *(.rodata)
 *(.rodata*)
 .rodata.main   0x080046b0       0x40 ./Core/Src/main.o
 .rodata.AHBPrescTable
                0x080046f0       0x10 ./Core/Src/system_stm32f0xx.o
                0x080046f0                AHBPrescTable
 .rodata.aPLLMULFactorTable.1
                0x08004700       0x10 ./Drivers/STM32F0xx_HAL_Driver/Src/stm32f0xx_hal_rcc.o
 .rodata.aPredivFactorTable.0
                0x08004710       0x10 ./Drivers/STM32F0xx_HAL_Driver/Src/stm32f0xx_hal_rcc.o
                0x08004720                        . = ALIGN (0x4)

.ARM.extab      0x08004720        0x0
                0x08004720                        . = ALIGN (0x4)
 *(.ARM.extab* .gnu.linkonce.armextab.*)
                0x08004720                        . = ALIGN (0x4)

.ARM            0x08004720        0x0
                0x08004720                        . = ALIGN (0x4)
                0x08004720                        __exidx_start = .
 *(.ARM.exidx*)
                0x08004720                        __exidx_end = .
                0x08004720                        . = ALIGN (0x4)

.preinit_array  0x08004720        0x0
                0x08004720                        . = ALIGN (0x4)
                0x08004720                        PROVIDE (__preinit_array_start = .)
 *(.preinit_array*)
                0x08004720                        PROVIDE (__preinit_array_end = .)
                0x08004720                        . = ALIGN (0x4)

.init_array     0x08004720        0x4
                0x08004720                        . = ALIGN (0x4)
                0x08004720                        PROVIDE (__init_array_start = .)
 *(SORT_BY_NAME(.init_array.*))
 *(.init_array*)
 .init_array    0x08004720        0x4 C:/ST/STM32CubeIDE_1.16.1/STM32CubeIDE/plugins/com.st.stm32cube.ide.mcu.externaltools.gnu-tools-for-stm32.12.3.rel1.win32_1.0.200.202406191623/tools/bin/../lib/gcc/arm-none-eabi/12.3.1/thumb/v6-m/nofp/crtbegin.o
                0x08004724                        PROVIDE (__init_array_end = .)
                0x08004724                        . = ALIGN (0x4)

.fini_array     0x08004724        0x4
                0x08004724                        . = ALIGN (0x4)
                [!provide]                        PROVIDE (__fini_array_start = .)
 *(SORT_BY_NAME(.fini_array.*))
 *(.fini_array*)
 .fini_array    0x08004724        0x4 C:/ST/STM32CubeIDE_1.16.1/STM32CubeIDE/plugins/com.st.stm32cube.ide.mcu.externaltools.gnu-tools-for-stm32.12.3.rel1.win32_1.0.200.202406191623/tools/bin/../lib/gcc/arm-none-eabi/12.3.1/thumb/v6-m/nofp/crtbegin.o
                [!provide]                        PROVIDE (__fini_array_end = .)
                0x08004728                        . = ALIGN (0x4)
                0x08004728                        _sidata = LOADADDR (.data)

.rel.dyn        0x08004728        0x0
 .rel.iplt      0x08004728        0x0 C:/ST/STM32CubeIDE_1.16.1/STM32CubeIDE/plugins/com.st.stm32cube.ide.mcu.externaltools.gnu-tools-for-stm32.12.3.rel1.win32_1.0.200.202406191623/tools/bin/../lib/gcc/arm-none-eabi/12.3.1/thumb/v6-m/nofp/crtbegin.o

.data           0x20000000       0x10 load address 0x08004728
                0x20000000                        . = ALIGN (0x4)
                0x20000000                        _sdata = .
 *(.data)
 *(.data*)
 .data.CAN_deviceID
                0x20000000        0x1 ./Core/Src/main.o
                0x20000000                CAN_deviceID
 *fill*         0x20000001        0x3 
 .data.SystemCoreClock
                0x20000004        0x4 ./Core/Src/system_stm32f0xx.o
                0x20000004                SystemCoreClock
 .data.uwTickPrio
                0x20000008        0x4 ./Drivers/STM32F0xx_HAL_Driver/Src/stm32f0xx_hal.o
                0x20000008                uwTickPrio
 .data.uwTickFreq
                0x2000000c        0x1 ./Drivers/STM32F0xx_HAL_Driver/Src/stm32f0xx_hal.o
                0x2000000c                uwTickFreq
 *(.RamFunc)
 *(.RamFunc*)
                0x20000010                        . = ALIGN (0x4)
 *fill*         0x2000000d        0x3 
                0x20000010                        _edata = .

.igot.plt       0x20000010        0x0 load address 0x08004738
 .igot.plt      0x20000010        0x0 C:/ST/STM32CubeIDE_1.16.1/STM32CubeIDE/plugins/com.st.stm32cube.ide.mcu.externaltools.gnu-tools-for-stm32.12.3.rel1.win32_1.0.200.202406191623/tools/bin/../lib/gcc/arm-none-eabi/12.3.1/thumb/v6-m/nofp/crtbegin.o
                0x20000010                        . = ALIGN (0x4)

.bss            0x20000010      0x1a8 load address 0x08004738
                0x20000010                        _sbss = .
                0x20000010                        __bss_start__ = _sbss
 *(.bss)
 .bss           0x20000010       0x1c C:/ST/STM32CubeIDE_1.16.1/STM32CubeIDE/plugins/com.st.stm32cube.ide.mcu.externaltools.gnu-tools-for-stm32.12.3.rel1.win32_1.0.200.202406191623/tools/bin/../lib/gcc/arm-none-eabi/12.3.1/thumb/v6-m/nofp/crtbegin.o
 *(.bss*)
 .bss.hcan      0x2000002c       0x28 ./Core/Src/main.o
                0x2000002c                hcan
 .bss.htim2     0x20000054       0x48 ./Core/Src/main.o
                0x20000054                htim2
 .bss.htim3     0x2000009c       0x48 ./Core/Src/main.o
                0x2000009c                htim3
 .bss.htim14    0x200000e4       0x48 ./Core/Src/main.o
                0x200000e4                htim14
 .bss.htim16    0x2000012c       0x48 ./Core/Src/main.o
                0x2000012c                htim16
 .bss.icount    0x20000174        0x1 ./Core/Src/main.o
                0x20000174                icount
 .bss.period    0x20000175        0x1 ./Core/Src/main.o
                0x20000175                period
 .bss.idx       0x20000176        0x1 ./Core/Src/main.o
                0x20000176                idx
 *fill*         0x20000177        0x1 
 .bss.CAN_Rxdata
                0x20000178        0x8 ./Core/Src/main.o
                0x20000178                CAN_Rxdata
 .bss.CAN_Txdata
                0x20000180        0x8 ./Core/Src/main.o
                0x20000180                CAN_Txdata
 .bss.CPR       0x20000188        0x2 ./Core/Src/main.o
                0x20000188                CPR
 .bss.flag      0x2000018a        0x1 ./Core/Src/main.o
                0x2000018a                flag
 .bss.num.1     0x2000018b        0x1 ./Core/Src/main.o
 .bss.pre_enc.0
                0x2000018c        0x2 ./Core/Src/main.o
 *fill*         0x2000018e        0x2 
 .bss.uwTick    0x20000190        0x4 ./Drivers/STM32F0xx_HAL_Driver/Src/stm32f0xx_hal.o
                0x20000190                uwTick
 *fill*         0x20000194        0x4 
 .bss.pFlash    0x20000198       0x20 ./Drivers/STM32F0xx_HAL_Driver/Src/stm32f0xx_hal_flash.o
                0x20000198                pFlash
 *(COMMON)
                0x200001b8                        . = ALIGN (0x4)
                0x200001b8                        _ebss = .
                0x200001b8                        __bss_end__ = _ebss

._user_heap_stack
                0x200001b8      0x600 load address 0x08004738
                0x200001b8                        . = ALIGN (0x8)
                [!provide]                        PROVIDE (end = .)
                0x200001b8                        PROVIDE (_end = .)
                0x200003b8                        . = (. + _Min_Heap_Size)
 *fill*         0x200001b8      0x200 
                0x200007b8                        . = (. + _Min_Stack_Size)
 *fill*         0x200003b8      0x400 
                0x200007b8                        . = ALIGN (0x8)

/DISCARD/
 libc.a(*)
 libm.a(*)
 libgcc.a(*)

.ARM.attributes
                0x00000000       0x28
 *(.ARM.attributes)
 .ARM.attributes
                0x00000000       0x1e C:/ST/STM32CubeIDE_1.16.1/STM32CubeIDE/plugins/com.st.stm32cube.ide.mcu.externaltools.gnu-tools-for-stm32.12.3.rel1.win32_1.0.200.202406191623/tools/bin/../lib/gcc/arm-none-eabi/12.3.1/thumb/v6-m/nofp/crti.o
 .ARM.attributes
                0x0000001e       0x2c C:/ST/STM32CubeIDE_1.16.1/STM32CubeIDE/plugins/com.st.stm32cube.ide.mcu.externaltools.gnu-tools-for-stm32.12.3.rel1.win32_1.0.200.202406191623/tools/bin/../lib/gcc/arm-none-eabi/12.3.1/thumb/v6-m/nofp/crtbegin.o
 .ARM.attributes
                0x0000004a       0x2c ./Core/Src/main.o
 .ARM.attributes
                0x00000076       0x2c ./Core/Src/stm32f0xx_hal_msp.o
 .ARM.attributes
                0x000000a2       0x2c ./Core/Src/stm32f0xx_it.o
 .ARM.attributes
                0x000000ce       0x2c ./Core/Src/system_stm32f0xx.o
 .ARM.attributes
                0x000000fa       0x21 ./Core/Startup/startup_stm32f042k6tx.o
 .ARM.attributes
                0x0000011b       0x2c ./Drivers/STM32F0xx_HAL_Driver/Src/stm32f0xx_hal.o
 .ARM.attributes
                0x00000147       0x2c ./Drivers/STM32F0xx_HAL_Driver/Src/stm32f0xx_hal_can.o
 .ARM.attributes
                0x00000173       0x2c ./Drivers/STM32F0xx_HAL_Driver/Src/stm32f0xx_hal_cortex.o
 .ARM.attributes
                0x0000019f       0x2c ./Drivers/STM32F0xx_HAL_Driver/Src/stm32f0xx_hal_flash.o
 .ARM.attributes
                0x000001cb       0x2c ./Drivers/STM32F0xx_HAL_Driver/Src/stm32f0xx_hal_flash_ex.o
 .ARM.attributes
                0x000001f7       0x2c ./Drivers/STM32F0xx_HAL_Driver/Src/stm32f0xx_hal_gpio.o
 .ARM.attributes
                0x00000223       0x2c ./Drivers/STM32F0xx_HAL_Driver/Src/stm32f0xx_hal_rcc.o
 .ARM.attributes
                0x0000024f       0x2c ./Drivers/STM32F0xx_HAL_Driver/Src/stm32f0xx_hal_tim.o
 .ARM.attributes
                0x0000027b       0x2c ./Drivers/STM32F0xx_HAL_Driver/Src/stm32f0xx_hal_tim_ex.o
 .ARM.attributes
                0x000002a7       0x2c C:/ST/STM32CubeIDE_1.16.1/STM32CubeIDE/plugins/com.st.stm32cube.ide.mcu.externaltools.gnu-tools-for-stm32.12.3.rel1.win32_1.0.200.202406191623/tools/bin/../lib/gcc/arm-none-eabi/12.3.1/../../../../arm-none-eabi/lib/thumb/v6-m/nofp\libc_nano.a(libc_a-memset.o)
 .ARM.attributes
                0x000002d3       0x2c C:/ST/STM32CubeIDE_1.16.1/STM32CubeIDE/plugins/com.st.stm32cube.ide.mcu.externaltools.gnu-tools-for-stm32.12.3.rel1.win32_1.0.200.202406191623/tools/bin/../lib/gcc/arm-none-eabi/12.3.1/../../../../arm-none-eabi/lib/thumb/v6-m/nofp\libc_nano.a(libc_a-init.o)
 .ARM.attributes
                0x000002ff       0x1e C:/ST/STM32CubeIDE_1.16.1/STM32CubeIDE/plugins/com.st.stm32cube.ide.mcu.externaltools.gnu-tools-for-stm32.12.3.rel1.win32_1.0.200.202406191623/tools/bin/../lib/gcc/arm-none-eabi/12.3.1/thumb/v6-m/nofp\libgcc.a(_udivsi3.o)
 .ARM.attributes
                0x0000031d       0x1e C:/ST/STM32CubeIDE_1.16.1/STM32CubeIDE/plugins/com.st.stm32cube.ide.mcu.externaltools.gnu-tools-for-stm32.12.3.rel1.win32_1.0.200.202406191623/tools/bin/../lib/gcc/arm-none-eabi/12.3.1/thumb/v6-m/nofp\libgcc.a(_divsi3.o)
 .ARM.attributes
                0x0000033b       0x1e C:/ST/STM32CubeIDE_1.16.1/STM32CubeIDE/plugins/com.st.stm32cube.ide.mcu.externaltools.gnu-tools-for-stm32.12.3.rel1.win32_1.0.200.202406191623/tools/bin/../lib/gcc/arm-none-eabi/12.3.1/thumb/v6-m/nofp\libgcc.a(_dvmd_tls.o)
 .ARM.attributes
                0x00000359       0x1e C:/ST/STM32CubeIDE_1.16.1/STM32CubeIDE/plugins/com.st.stm32cube.ide.mcu.externaltools.gnu-tools-for-stm32.12.3.rel1.win32_1.0.200.202406191623/tools/bin/../lib/gcc/arm-none-eabi/12.3.1/thumb/v6-m/nofp/crtn.o
OUTPUT(MD_omt_v1.2.elf elf32-littlearm)
LOAD linker stubs
LOAD C:/ST/STM32CubeIDE_1.16.1/STM32CubeIDE/plugins/com.st.stm32cube.ide.mcu.externaltools.gnu-tools-for-stm32.12.3.rel1.win32_1.0.200.202406191623/tools/bin/../lib/gcc/arm-none-eabi/12.3.1/../../../../arm-none-eabi/lib/thumb/v6-m/nofp\libc.a
LOAD C:/ST/STM32CubeIDE_1.16.1/STM32CubeIDE/plugins/com.st.stm32cube.ide.mcu.externaltools.gnu-tools-for-stm32.12.3.rel1.win32_1.0.200.202406191623/tools/bin/../lib/gcc/arm-none-eabi/12.3.1/../../../../arm-none-eabi/lib/thumb/v6-m/nofp\libm.a
LOAD C:/ST/STM32CubeIDE_1.16.1/STM32CubeIDE/plugins/com.st.stm32cube.ide.mcu.externaltools.gnu-tools-for-stm32.12.3.rel1.win32_1.0.200.202406191623/tools/bin/../lib/gcc/arm-none-eabi/12.3.1/thumb/v6-m/nofp\libgcc.a

.debug_info     0x00000000     0xa8ef
 .debug_info    0x00000000     0x194c ./Core/Src/main.o
 .debug_info    0x0000194c      0xf4f ./Core/Src/stm32f0xx_hal_msp.o
 .debug_info    0x0000289b      0xa76 ./Core/Src/stm32f0xx_it.o
 .debug_info    0x00003311      0x242 ./Core/Src/system_stm32f0xx.o
 .debug_info    0x00003553       0x30 ./Core/Startup/startup_stm32f042k6tx.o
 .debug_info    0x00003583      0x69d ./Drivers/STM32F0xx_HAL_Driver/Src/stm32f0xx_hal.o
 .debug_info    0x00003c20      0xeb5 ./Drivers/STM32F0xx_HAL_Driver/Src/stm32f0xx_hal_can.o
 .debug_info    0x00004ad5      0x6a7 ./Drivers/STM32F0xx_HAL_Driver/Src/stm32f0xx_hal_cortex.o
 .debug_info    0x0000517c      0x4f5 ./Drivers/STM32F0xx_HAL_Driver/Src/stm32f0xx_hal_flash.o
 .debug_info    0x00005671      0x6b7 ./Drivers/STM32F0xx_HAL_Driver/Src/stm32f0xx_hal_flash_ex.o
 .debug_info    0x00005d28      0x5a6 ./Drivers/STM32F0xx_HAL_Driver/Src/stm32f0xx_hal_gpio.o
 .debug_info    0x000062ce      0x83f ./Drivers/STM32F0xx_HAL_Driver/Src/stm32f0xx_hal_rcc.o
 .debug_info    0x00006b0d     0x2950 ./Drivers/STM32F0xx_HAL_Driver/Src/stm32f0xx_hal_tim.o
 .debug_info    0x0000945d     0x1492 ./Drivers/STM32F0xx_HAL_Driver/Src/stm32f0xx_hal_tim_ex.o

.debug_abbrev   0x00000000     0x1d66
 .debug_abbrev  0x00000000      0x347 ./Core/Src/main.o
 .debug_abbrev  0x00000347      0x27f ./Core/Src/stm32f0xx_hal_msp.o
 .debug_abbrev  0x000005c6      0x1d9 ./Core/Src/stm32f0xx_it.o
 .debug_abbrev  0x0000079f      0x11c ./Core/Src/system_stm32f0xx.o
 .debug_abbrev  0x000008bb       0x24 ./Core/Startup/startup_stm32f042k6tx.o
 .debug_abbrev  0x000008df      0x247 ./Drivers/STM32F0xx_HAL_Driver/Src/stm32f0xx_hal.o
 .debug_abbrev  0x00000b26      0x1c3 ./Drivers/STM32F0xx_HAL_Driver/Src/stm32f0xx_hal_can.o
 .debug_abbrev  0x00000ce9      0x28c ./Drivers/STM32F0xx_HAL_Driver/Src/stm32f0xx_hal_cortex.o
 .debug_abbrev  0x00000f75      0x258 ./Drivers/STM32F0xx_HAL_Driver/Src/stm32f0xx_hal_flash.o
 .debug_abbrev  0x000011cd      0x247 ./Drivers/STM32F0xx_HAL_Driver/Src/stm32f0xx_hal_flash_ex.o
 .debug_abbrev  0x00001414      0x1cb ./Drivers/STM32F0xx_HAL_Driver/Src/stm32f0xx_hal_gpio.o
 .debug_abbrev  0x000015df      0x28c ./Drivers/STM32F0xx_HAL_Driver/Src/stm32f0xx_hal_rcc.o
 .debug_abbrev  0x0000186b      0x278 ./Drivers/STM32F0xx_HAL_Driver/Src/stm32f0xx_hal_tim.o
 .debug_abbrev  0x00001ae3      0x283 ./Drivers/STM32F0xx_HAL_Driver/Src/stm32f0xx_hal_tim_ex.o

.debug_aranges  0x00000000      0xba0
 .debug_aranges
                0x00000000       0x90 ./Core/Src/main.o
 .debug_aranges
                0x00000090       0x68 ./Core/Src/stm32f0xx_hal_msp.o
 .debug_aranges
                0x000000f8       0x60 ./Core/Src/stm32f0xx_it.o
 .debug_aranges
                0x00000158       0x28 ./Core/Src/system_stm32f0xx.o
 .debug_aranges
                0x00000180       0x28 ./Core/Startup/startup_stm32f042k6tx.o
 .debug_aranges
                0x000001a8       0xd0 ./Drivers/STM32F0xx_HAL_Driver/Src/stm32f0xx_hal.o
 .debug_aranges
                0x00000278      0x138 ./Drivers/STM32F0xx_HAL_Driver/Src/stm32f0xx_hal_can.o
 .debug_aranges
                0x000003b0       0xc0 ./Drivers/STM32F0xx_HAL_Driver/Src/stm32f0xx_hal_cortex.o
 .debug_aranges
                0x00000470       0x88 ./Drivers/STM32F0xx_HAL_Driver/Src/stm32f0xx_hal_flash.o
 .debug_aranges
                0x000004f8       0x98 ./Drivers/STM32F0xx_HAL_Driver/Src/stm32f0xx_hal_flash_ex.o
 .debug_aranges
                0x00000590       0x58 ./Drivers/STM32F0xx_HAL_Driver/Src/stm32f0xx_hal_gpio.o
 .debug_aranges
                0x000005e8       0x80 ./Drivers/STM32F0xx_HAL_Driver/Src/stm32f0xx_hal_rcc.o
 .debug_aranges
                0x00000668      0x3d0 ./Drivers/STM32F0xx_HAL_Driver/Src/stm32f0xx_hal_tim.o
 .debug_aranges
                0x00000a38      0x168 ./Drivers/STM32F0xx_HAL_Driver/Src/stm32f0xx_hal_tim_ex.o

.debug_rnglists
                0x00000000      0x901
 .debug_rnglists
                0x00000000       0x70 ./Core/Src/main.o
 .debug_rnglists
                0x00000070       0x4c ./Core/Src/stm32f0xx_hal_msp.o
 .debug_rnglists
                0x000000bc       0x43 ./Core/Src/stm32f0xx_it.o
 .debug_rnglists
                0x000000ff       0x1a ./Core/Src/system_stm32f0xx.o
 .debug_rnglists
                0x00000119       0x1a ./Core/Startup/startup_stm32f042k6tx.o
 .debug_rnglists
                0x00000133       0x97 ./Drivers/STM32F0xx_HAL_Driver/Src/stm32f0xx_hal.o
 .debug_rnglists
                0x000001ca       0xee ./Drivers/STM32F0xx_HAL_Driver/Src/stm32f0xx_hal_can.o
 .debug_rnglists
                0x000002b8       0x8c ./Drivers/STM32F0xx_HAL_Driver/Src/stm32f0xx_hal_cortex.o
 .debug_rnglists
                0x00000344       0x65 ./Drivers/STM32F0xx_HAL_Driver/Src/stm32f0xx_hal_flash.o
 .debug_rnglists
                0x000003a9       0x76 ./Drivers/STM32F0xx_HAL_Driver/Src/stm32f0xx_hal_flash_ex.o
 .debug_rnglists
                0x0000041f       0x3f ./Drivers/STM32F0xx_HAL_Driver/Src/stm32f0xx_hal_gpio.o
 .debug_rnglists
                0x0000045e       0x61 ./Drivers/STM32F0xx_HAL_Driver/Src/stm32f0xx_hal_rcc.o
 .debug_rnglists
                0x000004bf      0x31c ./Drivers/STM32F0xx_HAL_Driver/Src/stm32f0xx_hal_tim.o
 .debug_rnglists
                0x000007db      0x126 ./Drivers/STM32F0xx_HAL_Driver/Src/stm32f0xx_hal_tim_ex.o

.debug_macro    0x00000000    0x18993
 .debug_macro   0x00000000      0x2e8 ./Core/Src/main.o
 .debug_macro   0x000002e8      0xa8a ./Core/Src/main.o
 .debug_macro   0x00000d72      0x133 ./Core/Src/main.o
 .debug_macro   0x00000ea5       0x2e ./Core/Src/main.o
 .debug_macro   0x00000ed3       0x22 ./Core/Src/main.o
 .debug_macro   0x00000ef5       0x22 ./Core/Src/main.o
 .debug_macro   0x00000f17       0x8e ./Core/Src/main.o
 .debug_macro   0x00000fa5       0x51 ./Core/Src/main.o
 .debug_macro   0x00000ff6      0x103 ./Core/Src/main.o
 .debug_macro   0x000010f9       0x6a ./Core/Src/main.o
 .debug_macro   0x00001163      0x1df ./Core/Src/main.o
 .debug_macro   0x00001342       0x1c ./Core/Src/main.o
 .debug_macro   0x0000135e       0x22 ./Core/Src/main.o
 .debug_macro   0x00001380       0xaf ./Core/Src/main.o
 .debug_macro   0x0000142f      0x391 ./Core/Src/main.o
 .debug_macro   0x000017c0     0xf209 ./Core/Src/main.o
 .debug_macro   0x000109c9       0x66 ./Core/Src/main.o
 .debug_macro   0x00010a2f     0x34da ./Core/Src/main.o
 .debug_macro   0x00013f09      0x189 ./Core/Src/main.o
 .debug_macro   0x00014092       0x55 ./Core/Src/main.o
 .debug_macro   0x000140e7      0x946 ./Core/Src/main.o
 .debug_macro   0x00014a2d      0x46b ./Core/Src/main.o
 .debug_macro   0x00014e98      0x1ae ./Core/Src/main.o
 .debug_macro   0x00015046      0x130 ./Core/Src/main.o
 .debug_macro   0x00015176      0x199 ./Core/Src/main.o
 .debug_macro   0x0001530f      0x1ed ./Core/Src/main.o
 .debug_macro   0x000154fc       0x34 ./Core/Src/main.o
 .debug_macro   0x00015530       0x43 ./Core/Src/main.o
 .debug_macro   0x00015573       0x28 ./Core/Src/main.o
 .debug_macro   0x0001559b      0x408 ./Core/Src/main.o
 .debug_macro   0x000159a3       0xb0 ./Core/Src/main.o
 .debug_macro   0x00015a53      0x182 ./Core/Src/main.o
 .debug_macro   0x00015bd5      0x22c ./Core/Src/main.o
 .debug_macro   0x00015e01       0x61 ./Core/Src/main.o
 .debug_macro   0x00015e62       0xa5 ./Core/Src/main.o
 .debug_macro   0x00015f07       0x4c ./Core/Src/main.o
 .debug_macro   0x00015f53      0x15b ./Core/Src/main.o
 .debug_macro   0x000160ae      0x8f4 ./Core/Src/main.o
 .debug_macro   0x000169a2       0x28 ./Core/Src/main.o
 .debug_macro   0x000169ca      0x12e ./Core/Src/main.o
 .debug_macro   0x00016af8       0x61 ./Core/Src/main.o
 .debug_macro   0x00016b59       0x24 ./Core/Src/main.o
 .debug_macro   0x00016b7d       0x43 ./Core/Src/main.o
 .debug_macro   0x00016bc0       0x34 ./Core/Src/main.o
 .debug_macro   0x00016bf4       0x16 ./Core/Src/main.o
 .debug_macro   0x00016c0a       0x35 ./Core/Src/main.o
 .debug_macro   0x00016c3f      0x369 ./Core/Src/main.o
 .debug_macro   0x00016fa8       0x10 ./Core/Src/main.o
 .debug_macro   0x00016fb8       0x16 ./Core/Src/main.o
 .debug_macro   0x00016fce       0x43 ./Core/Src/main.o
 .debug_macro   0x00017011       0x34 ./Core/Src/main.o
 .debug_macro   0x00017045       0x10 ./Core/Src/main.o
 .debug_macro   0x00017055       0x58 ./Core/Src/main.o
 .debug_macro   0x000170ad       0x8e ./Core/Src/main.o
 .debug_macro   0x0001713b       0x1c ./Core/Src/main.o
 .debug_macro   0x00017157      0x177 ./Core/Src/main.o
 .debug_macro   0x000172ce       0x16 ./Core/Src/main.o
 .debug_macro   0x000172e4       0x16 ./Core/Src/main.o
 .debug_macro   0x000172fa      0x146 ./Core/Src/main.o
 .debug_macro   0x00017440       0x16 ./Core/Src/main.o
 .debug_macro   0x00017456       0x20 ./Core/Src/main.o
 .debug_macro   0x00017476      0x1c2 ./Core/Src/stm32f0xx_hal_msp.o
 .debug_macro   0x00017638      0x1cc ./Core/Src/stm32f0xx_it.o
 .debug_macro   0x00017804      0x1b8 ./Core/Src/system_stm32f0xx.o
 .debug_macro   0x000179bc      0x1dc ./Drivers/STM32F0xx_HAL_Driver/Src/stm32f0xx_hal.o
 .debug_macro   0x00017b98      0x1c7 ./Drivers/STM32F0xx_HAL_Driver/Src/stm32f0xx_hal_can.o
 .debug_macro   0x00017d5f      0x1b8 ./Drivers/STM32F0xx_HAL_Driver/Src/stm32f0xx_hal_cortex.o
 .debug_macro   0x00017f17      0x1b8 ./Drivers/STM32F0xx_HAL_Driver/Src/stm32f0xx_hal_flash.o
 .debug_macro   0x000180cf      0x1ca ./Drivers/STM32F0xx_HAL_Driver/Src/stm32f0xx_hal_flash_ex.o
 .debug_macro   0x00018299      0x1bf ./Drivers/STM32F0xx_HAL_Driver/Src/stm32f0xx_hal_gpio.o
 .debug_macro   0x00018458      0x1ca ./Drivers/STM32F0xx_HAL_Driver/Src/stm32f0xx_hal_rcc.o
 .debug_macro   0x00018622      0x1b9 ./Drivers/STM32F0xx_HAL_Driver/Src/stm32f0xx_hal_tim.o
 .debug_macro   0x000187db      0x1b8 ./Drivers/STM32F0xx_HAL_Driver/Src/stm32f0xx_hal_tim_ex.o

.debug_line     0x00000000     0xce1b
 .debug_line    0x00000000      0xf5b ./Core/Src/main.o
 .debug_line    0x00000f5b      0x8b1 ./Core/Src/stm32f0xx_hal_msp.o
 .debug_line    0x0000180c      0x813 ./Core/Src/stm32f0xx_it.o
 .debug_line    0x0000201f      0x7d6 ./Core/Src/system_stm32f0xx.o
 .debug_line    0x000027f5       0x8d ./Core/Startup/startup_stm32f042k6tx.o
 .debug_line    0x00002882      0x9c9 ./Drivers/STM32F0xx_HAL_Driver/Src/stm32f0xx_hal.o
 .debug_line    0x0000324b     0x11ce ./Drivers/STM32F0xx_HAL_Driver/Src/stm32f0xx_hal_can.o
 .debug_line    0x00004419      0xa75 ./Drivers/STM32F0xx_HAL_Driver/Src/stm32f0xx_hal_cortex.o
 .debug_line    0x00004e8e      0xa9a ./Drivers/STM32F0xx_HAL_Driver/Src/stm32f0xx_hal_flash.o
 .debug_line    0x00005928      0xb2f ./Drivers/STM32F0xx_HAL_Driver/Src/stm32f0xx_hal_flash_ex.o
 .debug_line    0x00006457      0xb4f ./Drivers/STM32F0xx_HAL_Driver/Src/stm32f0xx_hal_gpio.o
 .debug_line    0x00006fa6      0xe55 ./Drivers/STM32F0xx_HAL_Driver/Src/stm32f0xx_hal_rcc.o
 .debug_line    0x00007dfb     0x36eb ./Drivers/STM32F0xx_HAL_Driver/Src/stm32f0xx_hal_tim.o
 .debug_line    0x0000b4e6     0x1935 ./Drivers/STM32F0xx_HAL_Driver/Src/stm32f0xx_hal_tim_ex.o

.debug_str      0x00000000    0x8f88a
 .debug_str     0x00000000    0x8d3bf ./Core/Src/main.o
                              0x8d7cb (size before relaxing)
 .debug_str     0x0008d3bf      0x11a ./Core/Src/stm32f0xx_hal_msp.o
                              0x89933 (size before relaxing)
 .debug_str     0x0008d4d9      0x109 ./Core/Src/stm32f0xx_it.o
                              0x89661 (size before relaxing)
 .debug_str     0x0008d5e2       0x8b ./Core/Src/system_stm32f0xx.o
                              0x88f0a (size before relaxing)
 .debug_str     0x0008d66d       0x44 ./Core/Startup/startup_stm32f042k6tx.o
                                 0x83 (size before relaxing)
 .debug_str     0x0008d6b1      0x37a ./Drivers/STM32F0xx_HAL_Driver/Src/stm32f0xx_hal.o
                              0x894bc (size before relaxing)
 .debug_str     0x0008da2b      0x3c1 ./Drivers/STM32F0xx_HAL_Driver/Src/stm32f0xx_hal_can.o
                              0x896e3 (size before relaxing)
 .debug_str     0x0008ddec      0x179 ./Drivers/STM32F0xx_HAL_Driver/Src/stm32f0xx_hal_cortex.o
                              0x892ad (size before relaxing)
 .debug_str     0x0008df65      0x261 ./Drivers/STM32F0xx_HAL_Driver/Src/stm32f0xx_hal_flash.o
                              0x891b5 (size before relaxing)
 .debug_str     0x0008e1c6      0x2a7 ./Drivers/STM32F0xx_HAL_Driver/Src/stm32f0xx_hal_flash_ex.o
                              0x89307 (size before relaxing)
 .debug_str     0x0008e46d       0xee ./Drivers/STM32F0xx_HAL_Driver/Src/stm32f0xx_hal_gpio.o
                              0x890ab (size before relaxing)
 .debug_str     0x0008e55b      0x20f ./Drivers/STM32F0xx_HAL_Driver/Src/stm32f0xx_hal_rcc.o
                              0x89351 (size before relaxing)
 .debug_str     0x0008e76a      0xc8d ./Drivers/STM32F0xx_HAL_Driver/Src/stm32f0xx_hal_tim.o
                              0x8a320 (size before relaxing)
 .debug_str     0x0008f3f7      0x493 ./Drivers/STM32F0xx_HAL_Driver/Src/stm32f0xx_hal_tim_ex.o
                              0x89b2c (size before relaxing)

.comment        0x00000000       0x43
 .comment       0x00000000       0x43 ./Core/Src/main.o
                                 0x44 (size before relaxing)
 .comment       0x00000043       0x44 ./Core/Src/stm32f0xx_hal_msp.o
 .comment       0x00000043       0x44 ./Core/Src/stm32f0xx_it.o
 .comment       0x00000043       0x44 ./Core/Src/system_stm32f0xx.o
 .comment       0x00000043       0x44 ./Drivers/STM32F0xx_HAL_Driver/Src/stm32f0xx_hal.o
 .comment       0x00000043       0x44 ./Drivers/STM32F0xx_HAL_Driver/Src/stm32f0xx_hal_can.o
 .comment       0x00000043       0x44 ./Drivers/STM32F0xx_HAL_Driver/Src/stm32f0xx_hal_cortex.o
 .comment       0x00000043       0x44 ./Drivers/STM32F0xx_HAL_Driver/Src/stm32f0xx_hal_flash.o
 .comment       0x00000043       0x44 ./Drivers/STM32F0xx_HAL_Driver/Src/stm32f0xx_hal_flash_ex.o
 .comment       0x00000043       0x44 ./Drivers/STM32F0xx_HAL_Driver/Src/stm32f0xx_hal_gpio.o
 .comment       0x00000043       0x44 ./Drivers/STM32F0xx_HAL_Driver/Src/stm32f0xx_hal_rcc.o
 .comment       0x00000043       0x44 ./Drivers/STM32F0xx_HAL_Driver/Src/stm32f0xx_hal_tim.o
 .comment       0x00000043       0x44 ./Drivers/STM32F0xx_HAL_Driver/Src/stm32f0xx_hal_tim_ex.o

.debug_frame    0x00000000     0x29e0
 .debug_frame   0x00000000      0x1ec ./Core/Src/main.o
 .debug_frame   0x000001ec      0x150 ./Core/Src/stm32f0xx_hal_msp.o
 .debug_frame   0x0000033c      0x10c ./Core/Src/stm32f0xx_it.o
 .debug_frame   0x00000448       0x4c ./Core/Src/system_stm32f0xx.o
 .debug_frame   0x00000494      0x2a4 ./Drivers/STM32F0xx_HAL_Driver/Src/stm32f0xx_hal.o
 .debug_frame   0x00000738      0x490 ./Drivers/STM32F0xx_HAL_Driver/Src/stm32f0xx_hal_can.o
 .debug_frame   0x00000bc8      0x2a0 ./Drivers/STM32F0xx_HAL_Driver/Src/stm32f0xx_hal_cortex.o
 .debug_frame   0x00000e68      0x1c4 ./Drivers/STM32F0xx_HAL_Driver/Src/stm32f0xx_hal_flash.o
 .debug_frame   0x0000102c      0x220 ./Drivers/STM32F0xx_HAL_Driver/Src/stm32f0xx_hal_flash_ex.o
 .debug_frame   0x0000124c      0x110 ./Drivers/STM32F0xx_HAL_Driver/Src/stm32f0xx_hal_gpio.o
 .debug_frame   0x0000135c      0x198 ./Drivers/STM32F0xx_HAL_Driver/Src/stm32f0xx_hal_rcc.o
 .debug_frame   0x000014f4      0xf00 ./Drivers/STM32F0xx_HAL_Driver/Src/stm32f0xx_hal_tim.o
 .debug_frame   0x000023f4      0x560 ./Drivers/STM32F0xx_HAL_Driver/Src/stm32f0xx_hal_tim_ex.o
 .debug_frame   0x00002954       0x20 C:/ST/STM32CubeIDE_1.16.1/STM32CubeIDE/plugins/com.st.stm32cube.ide.mcu.externaltools.gnu-tools-for-stm32.12.3.rel1.win32_1.0.200.202406191623/tools/bin/../lib/gcc/arm-none-eabi/12.3.1/../../../../arm-none-eabi/lib/thumb/v6-m/nofp\libc_nano.a(libc_a-memset.o)
 .debug_frame   0x00002974       0x2c C:/ST/STM32CubeIDE_1.16.1/STM32CubeIDE/plugins/com.st.stm32cube.ide.mcu.externaltools.gnu-tools-for-stm32.12.3.rel1.win32_1.0.200.202406191623/tools/bin/../lib/gcc/arm-none-eabi/12.3.1/../../../../arm-none-eabi/lib/thumb/v6-m/nofp\libc_nano.a(libc_a-init.o)
 .debug_frame   0x000029a0       0x20 C:/ST/STM32CubeIDE_1.16.1/STM32CubeIDE/plugins/com.st.stm32cube.ide.mcu.externaltools.gnu-tools-for-stm32.12.3.rel1.win32_1.0.200.202406191623/tools/bin/../lib/gcc/arm-none-eabi/12.3.1/thumb/v6-m/nofp\libgcc.a(_udivsi3.o)
 .debug_frame   0x000029c0       0x20 C:/ST/STM32CubeIDE_1.16.1/STM32CubeIDE/plugins/com.st.stm32cube.ide.mcu.externaltools.gnu-tools-for-stm32.12.3.rel1.win32_1.0.200.202406191623/tools/bin/../lib/gcc/arm-none-eabi/12.3.1/thumb/v6-m/nofp\libgcc.a(_divsi3.o)

.debug_line_str
                0x00000000       0x67
 .debug_line_str
                0x00000000       0x67 ./Core/Startup/startup_stm32f042k6tx.o
