../Core/Src/main.c:87:6:Drive_MTR	16	static
../Core/Src/main.c:109:6:CAN_transmit	48	static
../Core/Src/main.c:123:6:HAL_TIM_PeriodElapsedCallback	32	static
../Core/Src/main.c:188:6:HAL_CAN_RxFifo0MsgPendingCallback	80	static
../Core/Src/main.c:221:6:eraseFlash	32	static
../Core/Src/main.c:231:6:writeFlash	24	static
../Core/Src/main.c:249:5:main	16	static
../Core/Src/main.c:413:6:SystemClock_Config	88	static
../Core/Src/main.c:451:13:MX_CAN_Init	48	static
../Core/Src/main.c:504:13:MX_TIM2_Init	48	static
../Core/Src/main.c:553:13:MX_TIM3_Init	64	static
../Core/Src/main.c:602:13:MX_TIM14_Init	8	static
../Core/Src/main.c:633:13:MX_TIM16_Init	8	static
../Core/Src/main.c:665:13:MX_GPIO_Init	48	static
../Core/Src/main.c:730:6:Error_Handler	8	static,ignoring_inline_asm
